../Core/Src/main.c:104:6:my_tout_1ms	4	static
../Core/Src/main.c:117:9:USART_khbit	4	static
../Core/Src/main.c:126:9:USART_getchar	16	static
../Core/Src/main.c:143:9:USART_getline	24	static
../Core/Src/main.c:176:6:USART_fsend	152	static,ignoring_inline_asm
../Core/Src/main.c:213:6:HAL_UART_TxCpltCallback	24	static
../Core/Src/main.c:227:6:HAL_UART_RxCpltCallback	16	static
../Core/Src/main.c:236:9:calculateChecksum	24	static
../Core/Src/main.c:250:9:getArchiveValue	24	static
../Core/Src/main.c:262:6:sendFrame	24	static
../Core/Src/main.c:269:6:executeCommand	32	static
../Core/Src/main.c:393:5:main	296	static
../Core/Src/main.c:604:6:SystemClock_Config	96	static
../Core/Src/main.c:654:13:MX_USART2_UART_Init	8	static
../Core/Src/main.c:689:13:MX_GPIO_Init	48	static
../Core/Src/main.c:729:6:Error_Handler	4	static,ignoring_inline_asm
